
> @fitsy/api@0.1.0 test
> jest --runInBand tests/db lib/restaurantService.test.ts

PASS tests/db/search-provenance.db.test.ts
  ● Console

    console.log
      {"event":"search_query","restaurants":1,"hasTargets":true,"totalMs":19,"paginated":false}

      at findNearbyRestaurants (lib/restaurantService.ts:447:11)

    console.log
      {"event":"search_query","restaurants":1,"hasTargets":true,"totalMs":3,"paginated":false}

      at findNearbyRestaurants (lib/restaurantService.ts:447:11)

    console.log
      {"event":"search_query","restaurants":1,"hasTargets":false,"totalMs":2,"paginated":false}

      at findNearbyRestaurants (lib/restaurantService.ts:447:11)

    console.log
      {"event":"search_query","restaurants":1,"hasTargets":false,"totalMs":1,"paginated":false}

      at findNearbyRestaurants (lib/restaurantService.ts:447:11)

    console.log
      {"event":"search_query","restaurants":1,"hasTargets":true,"totalMs":1,"paginated":false}

      at findNearbyRestaurants (lib/restaurantService.ts:447:11)

    console.log
      {"event":"search_query","restaurants":1,"hasTargets":true,"totalMs":3,"paginated":true}

      at findNearbyRestaurants (lib/restaurantService.ts:447:11)

PASS tests/db/search-route.db.test.ts
PASS lib/restaurantService.test.ts
  ● Console

    console.log
      {"event":"search_query","restaurants":2,"hasTargets":false,"totalMs":1,"paginated":false}

      at findNearbyRestaurants (lib/restaurantService.ts:447:11)

    console.log
      {"event":"search_query","restaurants":2,"hasTargets":true,"totalMs":0,"paginated":false}

      at findNearbyRestaurants (lib/restaurantService.ts:447:11)

    console.log
      {"event":"search_query","restaurants":3,"hasTargets":false,"totalMs":0,"paginated":false}

      at findNearbyRestaurants (lib/restaurantService.ts:447:11)

    console.log
      {"event":"search_query","restaurants":1,"hasTargets":false,"totalMs":0,"paginated":false}

      at findNearbyRestaurants (lib/restaurantService.ts:447:11)

    console.log
      {"event":"search_query","restaurants":1,"hasTargets":true,"totalMs":0,"paginated":false}

      at findNearbyRestaurants (lib/restaurantService.ts:447:11)

    console.log
      {"event":"search_query","restaurants":1,"hasTargets":false,"totalMs":0,"paginated":false}

      at findNearbyRestaurants (lib/restaurantService.ts:447:11)

    console.log
      {"event":"search_query","restaurants":1,"hasTargets":true,"totalMs":0,"paginated":false}

      at findNearbyRestaurants (lib/restaurantService.ts:447:11)

    console.log
      {"event":"search_query","restaurants":1,"hasTargets":true,"totalMs":0,"paginated":false}

      at findNearbyRestaurants (lib/restaurantService.ts:447:11)

    console.log
      {"event":"search_query","restaurants":1,"hasTargets":false,"totalMs":0,"paginated":false}

      at findNearbyRestaurants (lib/restaurantService.ts:447:11)

    console.log
      {"event":"search_query","restaurants":1,"hasTargets":false,"totalMs":0,"paginated":false}

      at findNearbyRestaurants (lib/restaurantService.ts:447:11)

    console.log
      {"event":"search_query","restaurants":0,"hasTargets":false,"totalMs":0,"paginated":false}

      at findNearbyRestaurants (lib/restaurantService.ts:447:11)

    console.log
      {"event":"search_query","restaurants":0,"hasTargets":false,"totalMs":0,"paginated":false}

      at findNearbyRestaurants (lib/restaurantService.ts:447:11)

    console.log
      {"event":"search_query","restaurants":3,"hasTargets":false,"totalMs":0,"paginated":false}

      at findNearbyRestaurants (lib/restaurantService.ts:447:11)

    console.log
      {"event":"search_query","restaurants":0,"hasTargets":false,"totalMs":0,"paginated":false}

      at findNearbyRestaurants (lib/restaurantService.ts:447:11)

    console.log
      {"event":"search_query","restaurants":2,"hasTargets":false,"totalMs":0,"paginated":false}

      at findNearbyRestaurants (lib/restaurantService.ts:447:11)

    console.log
      {"event":"search_query","restaurants":2,"hasTargets":false,"totalMs":0,"paginated":false}

      at findNearbyRestaurants (lib/restaurantService.ts:447:11)

    console.log
      {"event":"search_query","restaurants":1,"hasTargets":false,"totalMs":0,"paginated":true}

      at findNearbyRestaurants (lib/restaurantService.ts:447:11)

    console.log
      {"event":"search_query","restaurants":0,"hasTargets":false,"totalMs":0,"paginated":false}

      at findNearbyRestaurants (lib/restaurantService.ts:447:11)

    console.log
      {"event":"search_query","restaurants":0,"hasTargets":false,"totalMs":0,"paginated":false}

      at findNearbyRestaurants (lib/restaurantService.ts:447:11)

    console.log
      {"event":"search_query","restaurants":0,"hasTargets":false,"totalMs":0,"paginated":false}

      at findNearbyRestaurants (lib/restaurantService.ts:447:11)

    console.log
      {"event":"search_query","restaurants":0,"hasTargets":false,"totalMs":0,"paginated":false}

      at findNearbyRestaurants (lib/restaurantService.ts:447:11)

    console.log
      {"event":"search_query","restaurants":0,"hasTargets":false,"totalMs":0,"paginated":false}

      at findNearbyRestaurants (lib/restaurantService.ts:447:11)

    console.log
      {"event":"search_query","restaurants":0,"hasTargets":false,"totalMs":0,"paginated":false}

      at findNearbyRestaurants (lib/restaurantService.ts:447:11)

PASS tests/db/subscription.db.test.ts
PASS tests/db/search.db.test.ts
  ● Console

    console.log
      {"event":"search_query","restaurants":20,"hasTargets":false,"totalMs":69,"paginated":false}

      at Object.findNearbyRestaurants (lib/restaurantService.ts:447:11)

    console.log
      {"event":"search_query","restaurants":10,"hasTargets":true,"totalMs":3,"paginated":false}

      at Object.findNearbyRestaurants (lib/restaurantService.ts:447:11)

    console.log
      {"event":"search_query","restaurants":5,"hasTargets":false,"totalMs":2,"paginated":false}

      at Object.findNearbyRestaurants (lib/restaurantService.ts:447:11)

    console.log
      {"event":"search_query","restaurants":5,"hasTargets":false,"totalMs":4,"paginated":true}

      at Object.findNearbyRestaurants (lib/restaurantService.ts:447:11)

    console.log
      {"event":"search_query","restaurants":5,"hasTargets":false,"totalMs":16,"paginated":false}

      at Object.findNearbyRestaurants (lib/restaurantService.ts:447:11)

    console.log
      {"event":"search_query","restaurants":0,"hasTargets":false,"totalMs":2,"paginated":false}

      at Object.findNearbyRestaurants (lib/restaurantService.ts:447:11)


Test Suites: 5 passed, 5 total
Tests:       51 passed, 51 total
Snapshots:   0 total
Time:        1.527 s, estimated 3 s
Ran all test suites matching /tests\/db|lib\/restaurantService.test.ts/i.
