
> fitsy@0.1.0 verify
> node scripts/verify/run.mjs --layer=0-2 --scope=changed

{"name":"structural","status":"pass","summary":"all structural tests passed","fix":"","duration_ms":17860,"blocking":true}
{"name":"secrets","status":"pass","summary":"no secrets, env files, or build output in diff","fix":"","duration_ms":581,"blocking":true}
{"name":"lint","status":"pass","summary":"eslint clean","fix":"","duration_ms":15620,"blocking":true}
{"name":"typecheck","status":"pass","summary":"tsc clean in all workspaces","fix":"","duration_ms":24027,"blocking":true}
{"name":"boundaries","status":"pass","summary":"no dependency violations","fix":"","duration_ms":7305,"blocking":true}
{"name":"context-freshness","status":"pass","summary":"context files reference only real commands and paths","fix":"","duration_ms":399,"blocking":true}
{"name":"own-code-mocks","status":"fail","summary":"46 own-code jest.mock() calls in apps/api tests","fix":"test against the DB container instead of mocking our own code; the external boundary (services/*, lib/supabase) stays mockable","duration_ms":145,"blocking":false}
{"name":"test","status":"pass","summary":"api coverage gate + scripts tests green","fix":"","duration_ms":37971,"blocking":true}
{"name":"actionlint","status":"skipped","summary":"no matching changed files"}
{"name":"migration-safety","status":"skipped","summary":"no matching changed files"}

--- own-code-mocks output ---
apps/api/app/api/saved-items/route.test.ts:9:jest.mock("@/lib/auth", () => ({
apps/api/app/api/saved-items/route.test.ts:13:jest.mock("@/lib/restaurantService", () => ({
apps/api/app/api/saved-items/[id]/route.test.ts:7:jest.mock("@/lib/auth", () => ({
apps/api/app/api/saved-items/[id]/route.test.ts:11:jest.mock("@/lib/restaurantService", () => ({
apps/api/app/api/auth/apple/route.test.ts:7:jest.mock("@/lib/restaurantService", () => {
apps/api/app/api/auth/apple/route.test.ts:23:jest.mock("@/lib/rateLimit", () => ({
apps/api/app/api/auth/google/route.test.ts:7:jest.mock("@/lib/restaurantService", () => {
apps/api/app/api/auth/google/route.test.ts:23:jest.mock("@/lib/rateLimit", () => ({
apps/api/app/api/auth/register/route.test.ts:8:jest.mock("@/lib/restaurantService", () => ({
apps/api/app/api/auth/register/route.test.ts:16:jest.mock("@/lib/rateLimit", () => ({


verify: 7 pass, 0 fail, 1 shadow-fail (own-code-mocks), 2 skipped [layers 0-2, scope changed, runs local]
