PASS services/menuSources/uberEatsSource.test.ts (14.236 s)
PASS tests/db/chainPilotCli.db.test.ts (10.144 s)
PASS services/menuSources/ueApiClient.test.ts (8.564 s)
PASS tests/db/chainPilot.db.test.ts
PASS tests/db/search-route.db.test.ts
PASS tests/db/chainServing.db.test.ts
PASS tests/db/menu-page.db.test.ts
PASS tests/db/search-provenance.db.test.ts
PASS tests/db/subscription.db.test.ts
PASS tests/db/search.db.test.ts
PASS tests/db/chainCatalog.db.test.ts
PASS services/menuSources/ueApiClient.feed.test.ts
PASS services/chainPilotPlan.test.ts
PASS app/api/auth/integration.test.ts
PASS app/api/restaurants/route.test.ts
PASS app/api/saved-items/route.test.ts
PASS app/api/feedback/route.test.ts
PASS services/macroEstimationService.test.ts
PASS services/chainServing.test.ts
PASS lib/restaurantService.test.ts
PASS services/chainCatalog.test.ts
PASS lib/waitlist.test.ts
PASS lib/macroTargetParams.test.ts
PASS app/api/internal/weekly-scoreboard/route.test.ts
PASS app/api/waitlist/route.test.ts
PASS lib/pricing.test.ts
PASS app/api/user/profile/route.test.ts
PASS app/api/restaurants/[id]/menu/route.test.ts
PASS app/api/internal/feedback-digest/route.test.ts
PASS app/api/health/route.test.ts
PASS services/menuSources/fatSecretSource.test.ts
PASS app/api/auth/register/route.test.ts
PASS app/unsubscribe/route.test.ts
PASS lib/macroScoring.test.ts
PASS services/menuSources/ueSitemapIndex.test.ts
PASS lib/subscription.sync.test.ts
PASS app/api/revenuecat/webhook/route.test.ts
PASS services/scrapers/braveSearchScraper.test.ts
PASS services/posthogService.test.ts
PASS lib/subscription.test.ts
PASS app/api/internal/waitlist/notify/route.test.ts
PASS app/api/waitlist/web/route.test.ts
PASS app/api/user/push-token/route.test.ts
PASS services/menuSources/ueApiDirectSource.test.ts
PASS lib/errorAlert.test.ts
PASS app/api/internal/marketing/weekly/route.test.ts
PASS services/chainPriority.test.ts
PASS services/ascService.test.ts
PASS lib/dateUtils.test.ts
PASS lib/auth.test.ts
PASS app/api/feedback/[id]/vote/route.test.ts
PASS app/api/internal/audit-macro-drift/route.test.ts
PASS app/api/subscriptions/sync/route.test.ts
PASS app/api/revenuecat/webhook/route.idempotency.test.ts
PASS services/emailService.test.ts
PASS lib/supabase.test.ts
PASS lib/marketingEmail.test.ts
PASS lib/rateLimit.test.ts
PASS app/api/saved-items/[id]/route.test.ts
PASS app/api/auth/apple/route.test.ts
PASS app/api/user/route.test.ts
PASS app/api/subscriptions/status/route.test.ts
PASS app/api/auth/login/route.test.ts
PASS app/api/auth/google/route.test.ts
PASS services/menuSources/webScraperSource.test.ts
PASS services/menuSources/resolver.test.ts
PASS services/menuSources/ueNutritionLabel.test.ts
PASS services/revenuecatService.test.ts
PASS lib/seoUtils.test.ts
PASS services/scrapers/jinaScraper.test.ts
PASS lib/unsubscribe.test.ts
PASS lib/feedbackDigest.test.ts
PASS services/authService.test.ts
PASS lib/waitlistClient.test.ts
PASS lib/tdeeCalculator.test.ts
PASS lib/scoreboard.test.ts
PASS lib/landingDemo.test.ts
Test Suites: 77 passed, 77 total
Tests:       818 passed, 818 total
Snapshots:   0 total
Time:        39.08 s
